src/pages/admin/AdminDashboard.tsx(127,57): error TS2367: This comparison appears to be unintentional because the types '"active" | "inactive" | "suspended"' and '"Active"' have no overlap.
src/pages/admin/AdminDashboard.tsx(139,45): error TS2367: This comparison appears to be unintentional because the types '"present" | "absent" | "leave" | "holiday"' and '"Present"' have no overlap.
src/pages/admin/AdminDashboard.tsx(488,109): error TS2339: Property 'title' does not exist on type 'Activity'.
src/pages/fees/FeeAccountantDashboard.tsx(150,46): error TS2304: Cannot find name 'Cell'.
src/pages/hod/HODDashboard.tsx(97,54): error TS2367: This comparison appears to be unintentional because the types '"present" | "absent" | "leave" | "holiday"' and '"Present"' have no overlap.
